../Core/Src/main.c:94:5:main	16	static
../Core/Src/main.c:186:6:SystemClock_Config	96	static
../Core/Src/main.c:227:13:MX_SPI1_Init	8	static
../Core/Src/main.c:267:13:MX_TIM6_Init	24	static
../Core/Src/main.c:305:13:MX_USART2_UART_Init	8	static
../Core/Src/main.c:353:13:MX_USART3_UART_Init	8	static
../Core/Src/main.c:401:13:MX_USART5_UART_Init	8	static
../Core/Src/main.c:437:13:MX_GPIO_Init	56	static
../Core/Src/main.c:500:6:send_debug_logs	24	static
../Core/Src/main.c:516:9:my_lis2dw12_platform_write	32	static
../Core/Src/main.c:527:9:my_lis2dw12_platform_read	32	static
../Core/Src/main.c:540:6:my_gnss_on	8	static
../Core/Src/main.c:546:6:my_gnss_off	8	static
../Core/Src/main.c:553:6:HAL_TIM_PeriodElapsedCallback	16	static
../Core/Src/main.c:566:6:my_tim_init	8	static
../Core/Src/main.c:571:6:my_tim_start	8	static
../Core/Src/main.c:577:6:my_tim_stop	8	static
../Core/Src/main.c:588:6:Error_Handler	8	static,ignoring_inline_asm
