../Core/Src/main.c:92:5:main	16	static
../Core/Src/main.c:168:6:SystemClock_Config	96	static
../Core/Src/main.c:209:13:MX_SPI1_Init	8	static
../Core/Src/main.c:249:13:MX_TIM6_Init	24	static
../Core/Src/main.c:287:13:MX_USART2_UART_Init	8	static
../Core/Src/main.c:335:13:MX_USART3_UART_Init	8	static
../Core/Src/main.c:383:13:MX_USART5_UART_Init	8	static
../Core/Src/main.c:419:13:MX_GPIO_Init	56	static
../Core/Src/main.c:482:6:send_debug_logs	24	static
../Core/Src/main.c:498:9:my_lis2dw12_platform_write	32	static
../Core/Src/main.c:509:9:my_lis2dw12_platform_read	32	static
../Core/Src/main.c:522:6:my_gnss_on	8	static
../Core/Src/main.c:528:6:my_gnss_off	8	static
../Core/Src/main.c:535:6:HAL_TIM_PeriodElapsedCallback	16	static
../Core/Src/main.c:554:6:Error_Handler	8	static,ignoring_inline_asm
