../Core/Src/main.c:99:5:main	296	static
../Core/Src/main.c:254:6:SystemClock_Config	96	static
../Core/Src/main.c:301:13:MX_RTC_Init	32	static
../Core/Src/main.c:367:13:MX_SPI1_Init	8	static
../Core/Src/main.c:407:13:MX_TIM6_Init	24	static
../Core/Src/main.c:445:13:MX_USART2_UART_Init	8	static
../Core/Src/main.c:493:13:MX_USART3_UART_Init	8	static
../Core/Src/main.c:541:13:MX_USART5_UART_Init	8	static
../Core/Src/main.c:577:13:MX_GPIO_Init	56	static
../Core/Src/main.c:640:6:send_debug_logs	24	static
../Core/Src/main.c:656:9:my_lis2dw12_platform_write	32	static
../Core/Src/main.c:667:9:my_lis2dw12_platform_read	32	static
../Core/Src/main.c:680:6:my_gnss_on	8	static
../Core/Src/main.c:686:6:my_gnss_off	8	static
../Core/Src/main.c:693:6:HAL_TIM_PeriodElapsedCallback	16	static
../Core/Src/main.c:706:6:my_tim_init	8	static
../Core/Src/main.c:711:6:my_tim_start	8	static
../Core/Src/main.c:717:6:my_tim_stop	8	static
../Core/Src/main.c:721:6:reset_astronode	8	static
../Core/Src/main.c:728:6:send_astronode_request	16	static
../Core/Src/main.c:734:10:get_systick	8	static
../Core/Src/main.c:738:6:is_systick_timeout_over	16	static
../Core/Src/main.c:742:6:is_astronode_character_received	16	static
../Core/Src/main.c:752:6:Error_Handler	8	static,ignoring_inline_asm
