../Core/Src/main.c:94:5:main	16	static
../Core/Src/main.c:183:6:SystemClock_Config	96	static
../Core/Src/main.c:224:13:MX_SPI1_Init	8	static
../Core/Src/main.c:264:13:MX_TIM6_Init	24	static
../Core/Src/main.c:302:13:MX_USART2_UART_Init	8	static
../Core/Src/main.c:350:13:MX_USART3_UART_Init	8	static
../Core/Src/main.c:398:13:MX_USART5_UART_Init	8	static
../Core/Src/main.c:434:13:MX_GPIO_Init	56	static
../Core/Src/main.c:497:6:send_debug_logs	24	static
../Core/Src/main.c:513:9:my_lis2dw12_platform_write	32	static
../Core/Src/main.c:524:9:my_lis2dw12_platform_read	32	static
../Core/Src/main.c:537:6:my_gnss_on	8	static
../Core/Src/main.c:543:6:my_gnss_off	8	static
../Core/Src/main.c:550:6:HAL_TIM_PeriodElapsedCallback	16	static
../Core/Src/main.c:563:6:my_tim_init	8	static
../Core/Src/main.c:568:6:my_tim_start	8	static
../Core/Src/main.c:574:6:my_tim_stop	8	static
../Core/Src/main.c:585:6:Error_Handler	8	static,ignoring_inline_asm
