../Core/Src/main.c:94:5:main	16	static
../Core/Src/main.c:182:6:SystemClock_Config	96	static
../Core/Src/main.c:223:13:MX_SPI1_Init	8	static
../Core/Src/main.c:263:13:MX_TIM6_Init	24	static
../Core/Src/main.c:301:13:MX_USART2_UART_Init	8	static
../Core/Src/main.c:349:13:MX_USART3_UART_Init	8	static
../Core/Src/main.c:397:13:MX_USART5_UART_Init	8	static
../Core/Src/main.c:433:13:MX_GPIO_Init	56	static
../Core/Src/main.c:496:6:send_debug_logs	24	static
../Core/Src/main.c:512:9:my_lis2dw12_platform_write	32	static
../Core/Src/main.c:523:9:my_lis2dw12_platform_read	32	static
../Core/Src/main.c:536:6:my_gnss_on	8	static
../Core/Src/main.c:542:6:my_gnss_off	8	static
../Core/Src/main.c:549:6:HAL_TIM_PeriodElapsedCallback	16	static
../Core/Src/main.c:562:6:my_tim_init	8	static
../Core/Src/main.c:567:6:my_tim_start	8	static
../Core/Src/main.c:573:6:my_tim_stop	8	static
../Core/Src/main.c:584:6:Error_Handler	8	static,ignoring_inline_asm
